[INFO] Scanning for projects...
[INFO] 
[INFO] ---------------------------< com.kh:spring >----------------------------
[INFO] Building springbootJSP 0.0.1-SNAPSHOT
[INFO]   from pom.xml
[INFO] --------------------------------[ war ]---------------------------------
[INFO] 
[INFO] --- clean:3.4.1:clean (default-clean) @ spring ---
[INFO] Deleting C:\Users\kim50\OneDrive\Desktop\FinalProject\easyearth-backend\restfulProject\target
[INFO] 
[INFO] --- resources:3.3.1:resources (default-resources) @ spring ---
[INFO] Copying 2 resources from src\main\resources to target\classes
[INFO] Copying 12 resources from src\main\resources to target\classes
[INFO] 
[INFO] --- compiler:3.11.0:compile (default-compile) @ spring ---
[INFO] Changes detected - recompiling the module! :source
[INFO] Compiling 123 source files with javac [debug release 17] to target\classes
[INFO] -------------------------------------------------------------
[ERROR] COMPILATION ERROR : 
[INFO] -------------------------------------------------------------
[ERROR] /C:/Users/kim50/OneDrive/Desktop/FinalProject/easyearth-backend/restfulProject/src/main/java/com/kh/spring/chat/model/service/ChatServiceImpl.java:[1,1] illegal character: '\ufeff'
[ERROR] /C:/Users/kim50/OneDrive/Desktop/FinalProject/easyearth-backend/restfulProject/src/main/java/com/kh/spring/chat/model/service/ChatServiceImpl.java:[1,10] class, interface, enum, or record expected
[INFO] 2 errors 
[INFO] -------------------------------------------------------------
[INFO] ------------------------------------------------------------------------
[INFO] BUILD FAILURE
[INFO] ------------------------------------------------------------------------
[INFO] Total time:  4.032 s
[INFO] Finished at: 2026-02-19T17:40:52+09:00
[INFO] ------------------------------------------------------------------------
[ERROR] Failed to execute goal org.apache.maven.plugins:maven-compiler-plugin:3.11.0:compile (default-compile) on project spring: Compilation failure: Compilation failure: 
[ERROR] /C:/Users/kim50/OneDrive/Desktop/FinalProject/easyearth-backend/restfulProject/src/main/java/com/kh/spring/chat/model/service/ChatServiceImpl.java:[1,1] illegal character: '\ufeff'
[ERROR] /C:/Users/kim50/OneDrive/Desktop/FinalProject/easyearth-backend/restfulProject/src/main/java/com/kh/spring/chat/model/service/ChatServiceImpl.java:[1,10] class, interface, enum, or record expected
[ERROR] -> [Help 1]
[ERROR] 
[ERROR] To see the full stack trace of the errors, re-run Maven with the -e switch.
[ERROR] Re-run Maven using the -X switch to enable full debug logging.
[ERROR] 
[ERROR] For more information about the errors and possible solutions, please read the following articles:
[ERROR] [Help 1] http://cwiki.apache.org/confluence/display/MAVEN/MojoFailureException
