[INFO] Scanning for projects...
[INFO] 
[INFO] ---------------------------< com.kh:spring >----------------------------
[INFO] Building springbootJSP 0.0.1-SNAPSHOT
[INFO]   from pom.xml
[INFO] --------------------------------[ war ]---------------------------------
[INFO] 
[INFO] --- clean:3.4.1:clean (default-clean) @ spring ---
[INFO] Deleting /Users/sunpooh/Projects/easyearth-backend/restfulProject/target
[INFO] 
[INFO] --- resources:3.3.1:resources (default-resources) @ spring ---
[INFO] Copying 2 resources from src/main/resources to target/classes
[INFO] Copying 14 resources from src/main/resources to target/classes
[INFO] 
[INFO] --- compiler:3.11.0:compile (default-compile) @ spring ---
[INFO] Changes detected - recompiling the module! :source
[INFO] Compiling 128 source files with javac [debug release 17] to target/classes
[INFO] /Users/sunpooh/Projects/easyearth-backend/restfulProject/src/main/java/com/kh/spring/map/service/TransitRouteService.java: Some input files use or override a deprecated API.
[INFO] /Users/sunpooh/Projects/easyearth-backend/restfulProject/src/main/java/com/kh/spring/map/service/TransitRouteService.java: Recompile with -Xlint:deprecation for details.
[INFO] /Users/sunpooh/Projects/easyearth-backend/restfulProject/src/main/java/com/kh/spring/map/service/OrsRouteService.java: Some input files use unchecked or unsafe operations.
[INFO] /Users/sunpooh/Projects/easyearth-backend/restfulProject/src/main/java/com/kh/spring/map/service/OrsRouteService.java: Recompile with -Xlint:unchecked for details.
[INFO] 
[INFO] --- resources:3.3.1:testResources (default-testResources) @ spring ---
[INFO] skip non existing resourceDirectory /Users/sunpooh/Projects/easyearth-backend/restfulProject/src/test/resources
[INFO] 
[INFO] --- compiler:3.11.0:testCompile (default-testCompile) @ spring ---
[INFO] Changes detected - recompiling the module! :dependency
[INFO] Compiling 1 source file with javac [debug release 17] to target/test-classes
[INFO] 
[INFO] --- surefire:3.5.4:test (default-test) @ spring ---
[INFO] Tests are skipped.
[INFO] 
[INFO] --- war:3.4.0:war (default-war) @ spring ---
[INFO] Packaging webapp
[INFO] Assembling webapp [spring] in [/Users/sunpooh/Projects/easyearth-backend/restfulProject/target/spring-0.0.1-SNAPSHOT]
[INFO] Processing war project
[INFO] Building war: /Users/sunpooh/Projects/easyearth-backend/restfulProject/target/spring-0.0.1-SNAPSHOT.war
