[INFO] Scanning for projects...
[INFO] 
[INFO] ---------------------------< com.kh:spring >----------------------------
[INFO] Building springbootJSP 0.0.1-SNAPSHOT
[INFO]   from pom.xml
[INFO] --------------------------------[ war ]---------------------------------
[INFO] 
[INFO] >>> spring-boot:3.5.9:run (default-cli) > test-compile @ spring >>>
[INFO] 
[INFO] --- resources:3.3.1:resources (default-resources) @ spring ---
[INFO] Copying 2 resources from src/main/resources to target/classes
[INFO] Copying 14 resources from src/main/resources to target/classes
[INFO] 
[INFO] --- compiler:3.11.0:compile (default-compile) @ spring ---
[INFO] Changes detected - recompiling the module! :source
[INFO] Compiling 129 source files with javac [debug release 17] to target/classes
[INFO] /Users/sunpooh/Projects/easyearth-backend/restfulProject/src/main/java/com/kh/spring/map/service/TransitRouteService.java: Some input files use or override a deprecated API.
[INFO] /Users/sunpooh/Projects/easyearth-backend/restfulProject/src/main/java/com/kh/spring/map/service/TransitRouteService.java: Recompile with -Xlint:deprecation for details.
[INFO] /Users/sunpooh/Projects/easyearth-backend/restfulProject/src/main/java/com/kh/spring/map/service/OrsRouteService.java: Some input files use unchecked or unsafe operations.
[INFO] /Users/sunpooh/Projects/easyearth-backend/restfulProject/src/main/java/com/kh/spring/map/service/OrsRouteService.java: Recompile with -Xlint:unchecked for details.
[INFO] 
[INFO] --- resources:3.3.1:testResources (default-testResources) @ spring ---
[INFO] skip non existing resourceDirectory /Users/sunpooh/Projects/easyearth-backend/restfulProject/src/test/resources
[INFO] 
[INFO] --- compiler:3.11.0:testCompile (default-testCompile) @ spring ---
[INFO] Changes detected - recompiling the module! :dependency
[INFO] Compiling 1 source file with javac [debug release 17] to target/test-classes
[INFO] 
[INFO] <<< spring-boot:3.5.9:run (default-cli) < test-compile @ spring <<<
[INFO] 
[INFO] 
[INFO] --- spring-boot:3.5.9:run (default-cli) @ spring ---
[INFO] Attaching agents: []

  .   ____          _            __ _ _
 /\\ / ___'_ __ _ _(_)_ __  __ _ \ \ \ \
( ( )\___ | '_ | '_| | '_ \/ _` | \ \ \ \
 \\/  ___)| |_)| | | | | || (_| |  ) ) ) )
  '  |____| .__|_| |_|_| |_\__, | / / / /
 =========|_|==============|___/=/_/_/_/

 :: Spring Boot ::                (v3.5.9)

2026-02-19T17:32:53.418+09:00  INFO 10423 --- [restfulProject] [  restartedMain] c.kh.spring.RestfulProjectApplication    : Starting RestfulProjectApplication using Java 17.0.18 with PID 10423 (/Users/sunpooh/Projects/easyearth-backend/restfulProject/target/classes started by sunpooh in /Users/sunpooh/Projects/easyearth-backend/restfulProject)
2026-02-19T17:32:53.419+09:00  INFO 10423 --- [restfulProject] [  restartedMain] c.kh.spring.RestfulProjectApplication    : No active profile set, falling back to 1 default profile: "default"
2026-02-19T17:32:53.432+09:00  INFO 10423 --- [restfulProject] [  restartedMain] o.s.b.devtools.restart.ChangeableUrls    : The Class-Path manifest attribute in /Users/sunpooh/.m2/repository/com/oracle/database/jdbc/ojdbc11/23.7.0.25.01/ojdbc11-23.7.0.25.01.jar referenced one or more files that do not exist: file:/Users/sunpooh/.m2/repository/com/oracle/database/jdbc/ojdbc11/23.7.0.25.01/oraclepki.jar
2026-02-19T17:32:53.432+09:00  INFO 10423 --- [restfulProject] [  restartedMain] .e.DevToolsPropertyDefaultsPostProcessor : Devtools property defaults active! Set 'spring.devtools.add-properties' to 'false' to disable
2026-02-19T17:32:53.432+09:00  INFO 10423 --- [restfulProject] [  restartedMain] .e.DevToolsPropertyDefaultsPostProcessor : For additional web related logging consider setting the 'logging.level.web' property to 'DEBUG'
2026-02-19T17:32:53.744+09:00  INFO 10423 --- [restfulProject] [  restartedMain] .s.d.r.c.RepositoryConfigurationDelegate : Bootstrapping Spring Data JPA repositories in DEFAULT mode.
2026-02-19T17:32:53.798+09:00  INFO 10423 --- [restfulProject] [  restartedMain] .s.d.r.c.RepositoryConfigurationDelegate : Finished Spring Data repository scanning in 50 ms. Found 5 JPA repository interfaces.
2026-02-19T17:32:54.052+09:00  INFO 10423 --- [restfulProject] [  restartedMain] o.s.b.w.embedded.tomcat.TomcatWebServer  : Tomcat initialized with port 8080 (http)
2026-02-19T17:32:54.057+09:00  INFO 10423 --- [restfulProject] [  restartedMain] o.apache.catalina.core.StandardService   : Starting service [Tomcat]
2026-02-19T17:32:54.057+09:00  INFO 10423 --- [restfulProject] [  restartedMain] o.apache.catalina.core.StandardEngine    : Starting Servlet engine: [Apache Tomcat/10.1.50]
2026-02-19T17:32:54.119+09:00  INFO 10423 --- [restfulProject] [  restartedMain] org.apache.jasper.servlet.TldScanner     : At least one JAR was scanned for TLDs yet contained no TLDs. Enable debug logging for this logger for a complete list of JARs that were scanned but no TLDs were found in them. Skipping unneeded JARs during scanning can improve startup time and JSP compilation time.
2026-02-19T17:32:54.122+09:00  INFO 10423 --- [restfulProject] [  restartedMain] o.a.c.c.C.[.[localhost].[/spring]        : Initializing Spring embedded WebApplicationContext
2026-02-19T17:32:54.122+09:00  INFO 10423 --- [restfulProject] [  restartedMain] w.s.c.ServletWebServerApplicationContext : Root WebApplicationContext: initialization completed in 690 ms
2026-02-19T17:32:54.216+09:00  INFO 10423 --- [restfulProject] [  restartedMain] o.hibernate.jpa.internal.util.LogHelper  : HHH000204: Processing PersistenceUnitInfo [name: default]
2026-02-19T17:32:54.234+09:00  INFO 10423 --- [restfulProject] [  restartedMain] org.hibernate.Version                    : HHH000412: Hibernate ORM core version 6.6.39.Final
2026-02-19T17:32:54.262+09:00  INFO 10423 --- [restfulProject] [  restartedMain] o.h.c.internal.RegionFactoryInitiator    : HHH000026: Second-level cache disabled
2026-02-19T17:32:54.359+09:00  INFO 10423 --- [restfulProject] [  restartedMain] o.s.o.j.p.SpringPersistenceUnitInfo      : No LoadTimeWeaver setup: ignoring JPA class transformer
2026-02-19T17:32:54.369+09:00  INFO 10423 --- [restfulProject] [  restartedMain] com.zaxxer.hikari.HikariDataSource       : HikariPool-1 - Starting...
2026-02-19T17:32:54.816+09:00  INFO 10423 --- [restfulProject] [  restartedMain] com.zaxxer.hikari.pool.HikariPool        : HikariPool-1 - Added connection oracle.jdbc.driver.T4CConnection@20039dfc
2026-02-19T17:32:54.816+09:00  INFO 10423 --- [restfulProject] [  restartedMain] com.zaxxer.hikari.HikariDataSource       : HikariPool-1 - Start completed.
2026-02-19T17:32:54.885+09:00  WARN 10423 --- [restfulProject] [  restartedMain] org.hibernate.orm.deprecation            : HHH90000025: OracleDialect does not need to be specified explicitly using 'hibernate.dialect' (remove the property setting and it will be selected by default)
2026-02-19T17:32:54.925+09:00  INFO 10423 --- [restfulProject] [  restartedMain] org.hibernate.orm.connections.pooling    : HHH10001005: Database info:
	Database JDBC URL [Connecting through datasource 'HikariDataSource (HikariPool-1)']
	Database driver: undefined/unknown
	Database version: 21.3
	Autocommit mode: undefined/unknown
	Isolation level: undefined/unknown
	Minimum pool size: undefined/unknown
	Maximum pool size: undefined/unknown
2026-02-19T17:32:55.379+09:00  INFO 10423 --- [restfulProject] [  restartedMain] o.h.e.t.j.p.i.JtaPlatformInitiator       : HHH000489: No JTA platform available (set 'hibernate.transaction.jta.platform' to enable JTA platform integration)
2026-02-19T17:32:55.899+09:00  INFO 10423 --- [restfulProject] [  restartedMain] j.LocalContainerEntityManagerFactoryBean : Initialized JPA EntityManagerFactory for persistence unit 'default'
2026-02-19T17:32:56.211+09:00  INFO 10423 --- [restfulProject] [  restartedMain] o.s.d.j.r.query.QueryEnhancerFactory     : Hibernate is in classpath; If applicable, HQL parser will be used.
2026-02-19T17:32:56.668+09:00  WARN 10423 --- [restfulProject] [  restartedMain] JpaBaseConfiguration$JpaWebConfiguration : spring.jpa.open-in-view is enabled by default. Therefore, database queries may be performed during view rendering. Explicitly configure spring.jpa.open-in-view to disable this warning
2026-02-19T17:32:56.698+09:00  INFO 10423 --- [restfulProject] [  restartedMain] o.s.b.a.w.s.WelcomePageHandlerMapping    : Adding welcome page: class path resource [static/index.html]
2026-02-19T17:32:56.768+09:00  WARN 10423 --- [restfulProject] [  restartedMain] .s.s.UserDetailsServiceAutoConfiguration : 

Using generated security password: 8416291a-ee60-4ab0-babf-4f5ffa1eae37

This generated password is for development use only. Your security configuration must be updated before running your application in production.

2026-02-19T17:32:56.770+09:00  INFO 10423 --- [restfulProject] [  restartedMain] r$InitializeUserDetailsManagerConfigurer : Global AuthenticationManager configured with UserDetailsService bean with name inMemoryUserDetailsManager
2026-02-19T17:32:56.829+09:00  INFO 10423 --- [restfulProject] [  restartedMain] o.s.v.b.OptionalValidatorFactoryBean     : Failed to set up a Bean Validation provider: jakarta.validation.NoProviderFoundException: Unable to create a Configuration, because no Jakarta Bean Validation provider could be found. Add a provider like Hibernate Validator (RI) to your classpath.
2026-02-19T17:32:56.920+09:00  INFO 10423 --- [restfulProject] [  restartedMain] o.s.b.a.h2.H2ConsoleAutoConfiguration    : H2 console available at '/h2-console'. Database available at 'jdbc:oracle:thin:@localhost:1521:xe'
2026-02-19T17:32:56.945+09:00  INFO 10423 --- [restfulProject] [  restartedMain] o.s.b.d.a.OptionalLiveReloadServer       : LiveReload server is running on port 35729
2026-02-19T17:32:56.955+09:00  INFO 10423 --- [restfulProject] [  restartedMain] o.s.m.s.b.SimpleBrokerMessageHandler     : Starting...
2026-02-19T17:32:56.955+09:00  INFO 10423 --- [restfulProject] [  restartedMain] o.s.m.s.b.SimpleBrokerMessageHandler     : BrokerAvailabilityEvent[available=true, SimpleBrokerMessageHandler [org.springframework.messaging.simp.broker.DefaultSubscriptionRegistry@7e0c5fed]]
2026-02-19T17:32:56.955+09:00  INFO 10423 --- [restfulProject] [  restartedMain] o.s.m.s.b.SimpleBrokerMessageHandler     : Started.
2026-02-19T17:32:56.978+09:00  INFO 10423 --- [restfulProject] [  restartedMain] o.s.b.w.embedded.tomcat.TomcatWebServer  : Tomcat started on port 8080 (http) with context path '/spring'
2026-02-19T17:32:56.982+09:00  INFO 10423 --- [restfulProject] [  restartedMain] c.kh.spring.RestfulProjectApplication    : Started RestfulProjectApplication in 3.715 seconds (process running for 3.848)
2026-02-19T17:32:56.984+09:00  INFO 10423 --- [restfulProject] [  restartedMain] c.k.s.common.config.SchemaInitializer    : Checking for INTEGRATED_HISTORY table...
2026-02-19T17:32:56.987+09:00  INFO 10423 --- [restfulProject] [  restartedMain] c.k.s.common.config.SchemaInitializer    : INTEGRATED_HISTORY table already exists.
2026-02-19T17:32:57.001+09:00  INFO 10423 --- [restfulProject] [  restartedMain] c.k.s.common.config.SchemaInitializer    : 🎉 Updated Quest Points: 20 rows changed to 100pt.
2026-02-19T17:32:57.005+09:00  INFO 10423 --- [restfulProject] [  restartedMain] c.k.s.common.config.SchemaInitializer    : 🎉 Updated Quiz Points: Easy=10, Normal=10, Hard=10 rows updated.
2026-02-19T17:32:58.865+09:00  INFO 10423 --- [restfulProject] [nio-8080-exec-1] o.a.c.c.C.[.[localhost].[/spring]        : Initializing Spring DispatcherServlet 'dispatcherServlet'
2026-02-19T17:32:58.866+09:00  INFO 10423 --- [restfulProject] [nio-8080-exec-1] o.s.web.servlet.DispatcherServlet        : Initializing Servlet 'dispatcherServlet'
2026-02-19T17:32:58.867+09:00  INFO 10423 --- [restfulProject] [nio-8080-exec-1] o.s.web.servlet.DispatcherServlet        : Completed initialization in 1 ms
2026-02-19T17:33:56.973+09:00  INFO 10423 --- [restfulProject] [MessageBroker-8] o.s.w.s.c.WebSocketMessageBrokerStats    : WebSocketSession[0 current WS(0)-HttpStream(0)-HttpPoll(0), 1 total, 0 closed abnormally (0 connect failure, 0 send limit, 0 transport error)], stompSubProtocol[processed CONNECT(1)-CONNECTED(1)-DISCONNECT(0)], stompBrokerRelay[null], inboundChannel[pool size = 9, active threads = 0, queued tasks = 0, completed tasks = 9], outboundChannel[pool size = 2, active threads = 0, queued tasks = 0, completed tasks = 2], sockJsScheduler[pool size = 10, active threads = 1, queued tasks = 1, completed tasks = 14]
{uv=UvDto(tm=202602191600, stn=108, uvb=0.036, uva=0.935, euv=-999.0, uvBIndex=0.5, uvAIndex=0.2, temp1=8.6, temp2=8.3), current=ObsDto(tm=202602191600, stn=108, wd=29, ws=4.4, gstWd=null, gstWs=null, gstTm=null, pa=1012.1, ps=1022.7, pt=null, pr=null, ta=7.2, td=-7.6, hm=34.0, pv=null, rn=null, rnDay=null, rnJun=null, rnInt=null, sdHr3=null, sdDay=null, sdTot=null, wc=null, wp=null, ww=null, caTot=null, caMid=null, chMin=null, ct=null, ctTop=null, ctMid=null, ctLow=null, vs=3369, ss=null, si=null, stGd=null, ts=7.2, te005=null, te01=null, te02=null, te03=null, stSea=null, wh=null, bf=null, ir=null, ix=null), dust=DustDto(tm=202602191510, stnId=108, pm10=35, flag=000000, mqc=)}
{uv=UvDto(tm=202602191600, stn=108, uvb=0.036, uva=0.935, euv=-999.0, uvBIndex=0.5, uvAIndex=0.2, temp1=8.6, temp2=8.3), current=ObsDto(tm=202602191600, stn=108, wd=29, ws=4.4, gstWd=null, gstWs=null, gstTm=null, pa=1012.1, ps=1022.7, pt=null, pr=null, ta=7.2, td=-7.6, hm=34.0, pv=null, rn=null, rnDay=null, rnJun=null, rnInt=null, sdHr3=null, sdDay=null, sdTot=null, wc=null, wp=null, ww=null, caTot=null, caMid=null, chMin=null, ct=null, ctTop=null, ctMid=null, ctLow=null, vs=3369, ss=null, si=null, stGd=null, ts=7.2, te005=null, te01=null, te02=null, te03=null, stSea=null, wh=null, bf=null, ir=null, ix=null), dust=DustDto(tm=202602191510, stnId=108, pm10=35, flag=000000, mqc=)}
{uv=UvDto(tm=202602191600, stn=108, uvb=0.036, uva=0.935, euv=-999.0, uvBIndex=0.5, uvAIndex=0.2, temp1=8.6, temp2=8.3), current=ObsDto(tm=202602191600, stn=108, wd=29, ws=4.4, gstWd=null, gstWs=null, gstTm=null, pa=1012.1, ps=1022.7, pt=null, pr=null, ta=7.2, td=-7.6, hm=34.0, pv=null, rn=null, rnDay=null, rnJun=null, rnInt=null, sdHr3=null, sdDay=null, sdTot=null, wc=null, wp=null, ww=null, caTot=null, caMid=null, chMin=null, ct=null, ctTop=null, ctMid=null, ctLow=null, vs=3369, ss=null, si=null, stGd=null, ts=7.2, te005=null, te01=null, te02=null, te03=null, stSea=null, wh=null, bf=null, ir=null, ix=null), dust=DustDto(tm=202602191510, stnId=108, pm10=35, flag=000000, mqc=)}
{uv=UvDto(tm=202602191600, stn=108, uvb=0.036, uva=0.935, euv=-999.0, uvBIndex=0.5, uvAIndex=0.2, temp1=8.6, temp2=8.3), current=ObsDto(tm=202602191600, stn=108, wd=29, ws=4.4, gstWd=null, gstWs=null, gstTm=null, pa=1012.1, ps=1022.7, pt=null, pr=null, ta=7.2, td=-7.6, hm=34.0, pv=null, rn=null, rnDay=null, rnJun=null, rnInt=null, sdHr3=null, sdDay=null, sdTot=null, wc=null, wp=null, ww=null, caTot=null, caMid=null, chMin=null, ct=null, ctTop=null, ctMid=null, ctLow=null, vs=3369, ss=null, si=null, stGd=null, ts=7.2, te005=null, te01=null, te02=null, te03=null, stSea=null, wh=null, bf=null, ir=null, ix=null), dust=DustDto(tm=202602191510, stnId=108, pm10=35, flag=000000, mqc=)}
{uv=UvDto(tm=202602191600, stn=108, uvb=0.036, uva=0.935, euv=-999.0, uvBIndex=0.5, uvAIndex=0.2, temp1=8.6, temp2=8.3), current=ObsDto(tm=202602191600, stn=108, wd=29, ws=4.4, gstWd=null, gstWs=null, gstTm=null, pa=1012.1, ps=1022.7, pt=null, pr=null, ta=7.2, td=-7.6, hm=34.0, pv=null, rn=null, rnDay=null, rnJun=null, rnInt=null, sdHr3=null, sdDay=null, sdTot=null, wc=null, wp=null, ww=null, caTot=null, caMid=null, chMin=null, ct=null, ctTop=null, ctMid=null, ctLow=null, vs=3369, ss=null, si=null, stGd=null, ts=7.2, te005=null, te01=null, te02=null, te03=null, stSea=null, wh=null, bf=null, ir=null, ix=null), dust=DustDto(tm=202602191510, stnId=108, pm10=35, flag=000000, mqc=)}
{uv=UvDto(tm=202602191600, stn=108, uvb=0.036, uva=0.935, euv=-999.0, uvBIndex=0.5, uvAIndex=0.2, temp1=8.6, temp2=8.3), current=ObsDto(tm=202602191600, stn=108, wd=29, ws=4.4, gstWd=null, gstWs=null, gstTm=null, pa=1012.1, ps=1022.7, pt=null, pr=null, ta=7.2, td=-7.6, hm=34.0, pv=null, rn=null, rnDay=null, rnJun=null, rnInt=null, sdHr3=null, sdDay=null, sdTot=null, wc=null, wp=null, ww=null, caTot=null, caMid=null, chMin=null, ct=null, ctTop=null, ctMid=null, ctLow=null, vs=3369, ss=null, si=null, stGd=null, ts=7.2, te005=null, te01=null, te02=null, te03=null, stSea=null, wh=null, bf=null, ir=null, ix=null), dust=DustDto(tm=202602191510, stnId=108, pm10=35, flag=000000, mqc=)}
{uv=UvDto(tm=202602191600, stn=108, uvb=0.036, uva=0.935, euv=-999.0, uvBIndex=0.5, uvAIndex=0.2, temp1=8.6, temp2=8.3), current=ObsDto(tm=202602191600, stn=108, wd=29, ws=4.4, gstWd=null, gstWs=null, gstTm=null, pa=1012.1, ps=1022.7, pt=null, pr=null, ta=7.2, td=-7.6, hm=34.0, pv=null, rn=null, rnDay=null, rnJun=null, rnInt=null, sdHr3=null, sdDay=null, sdTot=null, wc=null, wp=null, ww=null, caTot=null, caMid=null, chMin=null, ct=null, ctTop=null, ctMid=null, ctLow=null, vs=3369, ss=null, si=null, stGd=null, ts=7.2, te005=null, te01=null, te02=null, te03=null, stSea=null, wh=null, bf=null, ir=null, ix=null), dust=DustDto(tm=202602191510, stnId=108, pm10=35, flag=000000, mqc=)}
{uv=UvDto(tm=202602191600, stn=108, uvb=0.036, uva=0.935, euv=-999.0, uvBIndex=0.5, uvAIndex=0.2, temp1=8.6, temp2=8.3), current=ObsDto(tm=202602191600, stn=108, wd=29, ws=4.4, gstWd=null, gstWs=null, gstTm=null, pa=1012.1, ps=1022.7, pt=null, pr=null, ta=7.2, td=-7.6, hm=34.0, pv=null, rn=null, rnDay=null, rnJun=null, rnInt=null, sdHr3=null, sdDay=null, sdTot=null, wc=null, wp=null, ww=null, caTot=null, caMid=null, chMin=null, ct=null, ctTop=null, ctMid=null, ctLow=null, vs=3369, ss=null, si=null, stGd=null, ts=7.2, te005=null, te01=null, te02=null, te03=null, stSea=null, wh=null, bf=null, ir=null, ix=null), dust=DustDto(tm=202602191510, stnId=108, pm10=35, flag=000000, mqc=)}
2026-02-19T17:36:48.427+09:00  WARN 10423 --- [restfulProject] [io-8080-exec-10] .w.s.m.s.DefaultHandlerExceptionResolver : Resolved [org.springframework.web.method.annotation.MethodArgumentTypeMismatchException: Method parameter 'quizNo': Failed to convert value of type 'java.lang.String' to required type 'int'; For input string: "Hard"]
MemberWalletVO(walletId=10, memberId=9, nowPoint=3330, totalEarnedPoint=3330, totalSpentPoint=0)
memberId = 9
MemberWalletVO(walletId=10, memberId=9, nowPoint=3330, totalEarnedPoint=3330, totalSpentPoint=0)
memberId = 9
{uv=UvDto(tm=202602191600, stn=108, uvb=0.036, uva=0.935, euv=-999.0, uvBIndex=0.5, uvAIndex=0.2, temp1=8.6, temp2=8.3), current=ObsDto(tm=202602191600, stn=108, wd=29, ws=4.4, gstWd=null, gstWs=null, gstTm=null, pa=1012.1, ps=1022.7, pt=null, pr=null, ta=7.2, td=-7.6, hm=34.0, pv=null, rn=null, rnDay=null, rnJun=null, rnInt=null, sdHr3=null, sdDay=null, sdTot=null, wc=null, wp=null, ww=null, caTot=null, caMid=null, chMin=null, ct=null, ctTop=null, ctMid=null, ctLow=null, vs=3369, ss=null, si=null, stGd=null, ts=7.2, te005=null, te01=null, te02=null, te03=null, stSea=null, wh=null, bf=null, ir=null, ix=null), dust=DustDto(tm=202602191510, stnId=108, pm10=35, flag=000000, mqc=)}
{uv=UvDto(tm=202602191600, stn=108, uvb=0.036, uva=0.935, euv=-999.0, uvBIndex=0.5, uvAIndex=0.2, temp1=8.6, temp2=8.3), current=ObsDto(tm=202602191600, stn=108, wd=29, ws=4.4, gstWd=null, gstWs=null, gstTm=null, pa=1012.1, ps=1022.7, pt=null, pr=null, ta=7.2, td=-7.6, hm=34.0, pv=null, rn=null, rnDay=null, rnJun=null, rnInt=null, sdHr3=null, sdDay=null, sdTot=null, wc=null, wp=null, ww=null, caTot=null, caMid=null, chMin=null, ct=null, ctTop=null, ctMid=null, ctLow=null, vs=3369, ss=null, si=null, stGd=null, ts=7.2, te005=null, te01=null, te02=null, te03=null, stSea=null, wh=null, bf=null, ir=null, ix=null), dust=DustDto(tm=202602191510, stnId=108, pm10=35, flag=000000, mqc=)}
2026-02-19T17:37:40.958+09:00  WARN 10423 --- [restfulProject] [nio-8080-exec-6] .w.s.m.s.DefaultHandlerExceptionResolver : Resolved [org.springframework.web.method.annotation.MethodArgumentTypeMismatchException: Method parameter 'quizNo': Failed to convert value of type 'java.lang.String' to required type 'int'; For input string: "Hard"]
MemberWalletVO(walletId=10, memberId=9, nowPoint=3330, totalEarnedPoint=3330, totalSpentPoint=0)
memberId = 9
MemberWalletVO(walletId=10, memberId=9, nowPoint=3330, totalEarnedPoint=3330, totalSpentPoint=0)
memberId = 9
{uv=UvDto(tm=202602191600, stn=108, uvb=0.036, uva=0.935, euv=-999.0, uvBIndex=0.5, uvAIndex=0.2, temp1=8.6, temp2=8.3), current=ObsDto(tm=202602191600, stn=108, wd=29, ws=4.4, gstWd=null, gstWs=null, gstTm=null, pa=1012.1, ps=1022.7, pt=null, pr=null, ta=7.2, td=-7.6, hm=34.0, pv=null, rn=null, rnDay=null, rnJun=null, rnInt=null, sdHr3=null, sdDay=null, sdTot=null, wc=null, wp=null, ww=null, caTot=null, caMid=null, chMin=null, ct=null, ctTop=null, ctMid=null, ctLow=null, vs=3369, ss=null, si=null, stGd=null, ts=7.2, te005=null, te01=null, te02=null, te03=null, stSea=null, wh=null, bf=null, ir=null, ix=null), dust=DustDto(tm=202602191510, stnId=108, pm10=35, flag=000000, mqc=)}
{uv=UvDto(tm=202602191600, stn=108, uvb=0.036, uva=0.935, euv=-999.0, uvBIndex=0.5, uvAIndex=0.2, temp1=8.6, temp2=8.3), current=ObsDto(tm=202602191600, stn=108, wd=29, ws=4.4, gstWd=null, gstWs=null, gstTm=null, pa=1012.1, ps=1022.7, pt=null, pr=null, ta=7.2, td=-7.6, hm=34.0, pv=null, rn=null, rnDay=null, rnJun=null, rnInt=null, sdHr3=null, sdDay=null, sdTot=null, wc=null, wp=null, ww=null, caTot=null, caMid=null, chMin=null, ct=null, ctTop=null, ctMid=null, ctLow=null, vs=3369, ss=null, si=null, stGd=null, ts=7.2, te005=null, te01=null, te02=null, te03=null, stSea=null, wh=null, bf=null, ir=null, ix=null), dust=DustDto(tm=202602191510, stnId=108, pm10=35, flag=000000, mqc=)}
{uv=UvDto(tm=202602191600, stn=108, uvb=0.036, uva=0.935, euv=-999.0, uvBIndex=0.5, uvAIndex=0.2, temp1=8.6, temp2=8.3), current=ObsDto(tm=202602191600, stn=108, wd=29, ws=4.4, gstWd=null, gstWs=null, gstTm=null, pa=1012.1, ps=1022.7, pt=null, pr=null, ta=7.2, td=-7.6, hm=34.0, pv=null, rn=null, rnDay=null, rnJun=null, rnInt=null, sdHr3=null, sdDay=null, sdTot=null, wc=null, wp=null, ww=null, caTot=null, caMid=null, chMin=null, ct=null, ctTop=null, ctMid=null, ctLow=null, vs=3369, ss=null, si=null, stGd=null, ts=7.2, te005=null, te01=null, te02=null, te03=null, stSea=null, wh=null, bf=null, ir=null, ix=null), dust=DustDto(tm=202602191510, stnId=108, pm10=35, flag=000000, mqc=)}
{uv=UvDto(tm=202602191600, stn=108, uvb=0.036, uva=0.935, euv=-999.0, uvBIndex=0.5, uvAIndex=0.2, temp1=8.6, temp2=8.3), current=ObsDto(tm=202602191600, stn=108, wd=29, ws=4.4, gstWd=null, gstWs=null, gstTm=null, pa=1012.1, ps=1022.7, pt=null, pr=null, ta=7.2, td=-7.6, hm=34.0, pv=null, rn=null, rnDay=null, rnJun=null, rnInt=null, sdHr3=null, sdDay=null, sdTot=null, wc=null, wp=null, ww=null, caTot=null, caMid=null, chMin=null, ct=null, ctTop=null, ctMid=null, ctLow=null, vs=3369, ss=null, si=null, stGd=null, ts=7.2, te005=null, te01=null, te02=null, te03=null, stSea=null, wh=null, bf=null, ir=null, ix=null), dust=DustDto(tm=202602191510, stnId=108, pm10=35, flag=000000, mqc=)}
{uv=UvDto(tm=202602191600, stn=108, uvb=0.036, uva=0.935, euv=-999.0, uvBIndex=0.5, uvAIndex=0.2, temp1=8.6, temp2=8.3), current=ObsDto(tm=202602191600, stn=108, wd=29, ws=4.4, gstWd=null, gstWs=null, gstTm=null, pa=1012.1, ps=1022.7, pt=null, pr=null, ta=7.2, td=-7.6, hm=34.0, pv=null, rn=null, rnDay=null, rnJun=null, rnInt=null, sdHr3=null, sdDay=null, sdTot=null, wc=null, wp=null, ww=null, caTot=null, caMid=null, chMin=null, ct=null, ctTop=null, ctMid=null, ctLow=null, vs=3369, ss=null, si=null, stGd=null, ts=7.2, te005=null, te01=null, te02=null, te03=null, stSea=null, wh=null, bf=null, ir=null, ix=null), dust=DustDto(tm=202602191510, stnId=108, pm10=35, flag=000000, mqc=)}
{uv=UvDto(tm=202602191600, stn=108, uvb=0.036, uva=0.935, euv=-999.0, uvBIndex=0.5, uvAIndex=0.2, temp1=8.6, temp2=8.3), current=ObsDto(tm=202602191600, stn=108, wd=29, ws=4.4, gstWd=null, gstWs=null, gstTm=null, pa=1012.1, ps=1022.7, pt=null, pr=null, ta=7.2, td=-7.6, hm=34.0, pv=null, rn=null, rnDay=null, rnJun=null, rnInt=null, sdHr3=null, sdDay=null, sdTot=null, wc=null, wp=null, ww=null, caTot=null, caMid=null, chMin=null, ct=null, ctTop=null, ctMid=null, ctLow=null, vs=3369, ss=null, si=null, stGd=null, ts=7.2, te005=null, te01=null, te02=null, te03=null, stSea=null, wh=null, bf=null, ir=null, ix=null), dust=DustDto(tm=202602191510, stnId=108, pm10=35, flag=000000, mqc=)}
MemberWalletVO(walletId=11, memberId=10, nowPoint=2400, totalEarnedPoint=2400, totalSpentPoint=0)
memberId = 10
MemberWalletVO(walletId=11, memberId=10, nowPoint=2400, totalEarnedPoint=2400, totalSpentPoint=0)
memberId = 10
{uv=UvDto(tm=202602191600, stn=108, uvb=0.036, uva=0.935, euv=-999.0, uvBIndex=0.5, uvAIndex=0.2, temp1=8.6, temp2=8.3), current=ObsDto(tm=202602191600, stn=108, wd=29, ws=4.4, gstWd=null, gstWs=null, gstTm=null, pa=1012.1, ps=1022.7, pt=null, pr=null, ta=7.2, td=-7.6, hm=34.0, pv=null, rn=null, rnDay=null, rnJun=null, rnInt=null, sdHr3=null, sdDay=null, sdTot=null, wc=null, wp=null, ww=null, caTot=null, caMid=null, chMin=null, ct=null, ctTop=null, ctMid=null, ctLow=null, vs=3369, ss=null, si=null, stGd=null, ts=7.2, te005=null, te01=null, te02=null, te03=null, stSea=null, wh=null, bf=null, ir=null, ix=null), dust=DustDto(tm=202602191510, stnId=108, pm10=35, flag=000000, mqc=)}
{uv=UvDto(tm=202602191600, stn=108, uvb=0.036, uva=0.935, euv=-999.0, uvBIndex=0.5, uvAIndex=0.2, temp1=8.6, temp2=8.3), current=ObsDto(tm=202602191600, stn=108, wd=29, ws=4.4, gstWd=null, gstWs=null, gstTm=null, pa=1012.1, ps=1022.7, pt=null, pr=null, ta=7.2, td=-7.6, hm=34.0, pv=null, rn=null, rnDay=null, rnJun=null, rnInt=null, sdHr3=null, sdDay=null, sdTot=null, wc=null, wp=null, ww=null, caTot=null, caMid=null, chMin=null, ct=null, ctTop=null, ctMid=null, ctLow=null, vs=3369, ss=null, si=null, stGd=null, ts=7.2, te005=null, te01=null, te02=null, te03=null, stSea=null, wh=null, bf=null, ir=null, ix=null), dust=DustDto(tm=202602191510, stnId=108, pm10=35, flag=000000, mqc=)}
MemberWalletVO(walletId=11, memberId=10, nowPoint=3600, totalEarnedPoint=3600, totalSpentPoint=0)
memberId = 10
MemberWalletVO(walletId=11, memberId=10, nowPoint=3600, totalEarnedPoint=3600, totalSpentPoint=0)
memberId = 10
{uv=UvDto(tm=202602191600, stn=108, uvb=0.036, uva=0.935, euv=-999.0, uvBIndex=0.5, uvAIndex=0.2, temp1=8.6, temp2=8.3), current=ObsDto(tm=202602191600, stn=108, wd=29, ws=4.4, gstWd=null, gstWs=null, gstTm=null, pa=1012.1, ps=1022.7, pt=null, pr=null, ta=7.2, td=-7.6, hm=34.0, pv=null, rn=null, rnDay=null, rnJun=null, rnInt=null, sdHr3=null, sdDay=null, sdTot=null, wc=null, wp=null, ww=null, caTot=null, caMid=null, chMin=null, ct=null, ctTop=null, ctMid=null, ctLow=null, vs=3369, ss=null, si=null, stGd=null, ts=7.2, te005=null, te01=null, te02=null, te03=null, stSea=null, wh=null, bf=null, ir=null, ix=null), dust=DustDto(tm=202602191510, stnId=108, pm10=35, flag=000000, mqc=)}
{uv=UvDto(tm=202602191600, stn=108, uvb=0.036, uva=0.935, euv=-999.0, uvBIndex=0.5, uvAIndex=0.2, temp1=8.6, temp2=8.3), current=ObsDto(tm=202602191600, stn=108, wd=29, ws=4.4, gstWd=null, gstWs=null, gstTm=null, pa=1012.1, ps=1022.7, pt=null, pr=null, ta=7.2, td=-7.6, hm=34.0, pv=null, rn=null, rnDay=null, rnJun=null, rnInt=null, sdHr3=null, sdDay=null, sdTot=null, wc=null, wp=null, ww=null, caTot=null, caMid=null, chMin=null, ct=null, ctTop=null, ctMid=null, ctLow=null, vs=3369, ss=null, si=null, stGd=null, ts=7.2, te005=null, te01=null, te02=null, te03=null, stSea=null, wh=null, bf=null, ir=null, ix=null), dust=DustDto(tm=202602191510, stnId=108, pm10=35, flag=000000, mqc=)}
